Copyright 1986-2022 Xilinx, Inc. All Rights Reserved. Copyright 2022-2024 Advanced Micro Devices, Inc. All Rights Reserved.
---------------------------------------------------------------------------------------------------------------------------------------------
| Tool Version : Vivado v.2024.2 (win64) Build 5239630 Fri Nov 08 22:35:27 MST 2024
| Date         : Fri Jun 13 13:42:59 2025
| Host         : YOGA7 running 64-bit major release  (build 9200)
| Command      : report_control_sets -verbose -file Top_control_sets_placed.rpt
| Design       : Top
| Device       : xc7a35t
---------------------------------------------------------------------------------------------------------------------------------------------

Control Set Information

Table of Contents
-----------------
1. Summary
2. Histogram
3. Flip-Flop Distribution
4. Detailed Control Set Information

1. Summary
----------

+----------------------------------------------------------+-------+
|                          Status                          | Count |
+----------------------------------------------------------+-------+
| Total control sets                                       |    50 |
|    Minimum number of control sets                        |    50 |
|    Addition due to synthesis replication                 |     0 |
|    Addition due to physical synthesis replication        |     0 |
| Unused register locations in slices containing registers |   239 |
+----------------------------------------------------------+-------+
* Control sets can be merged at opt_design using control_set_merge or merge_equivalent_drivers
** Run report_qor_suggestions for automated merging and remapping suggestions


2. Histogram
------------

+--------------------+-------+
|       Fanout       | Count |
+--------------------+-------+
| Total control sets |    50 |
| >= 0 to < 4        |     2 |
| >= 4 to < 6        |     7 |
| >= 6 to < 8        |     2 |
| >= 8 to < 10       |    13 |
| >= 10 to < 12      |    13 |
| >= 12 to < 14      |     4 |
| >= 14 to < 16      |     0 |
| >= 16              |     9 |
+--------------------+-------+
* Control sets can be remapped at either synth_design or opt_design


3. Flip-Flop Distribution
-------------------------

+--------------+-----------------------+------------------------+-----------------+--------------+
| Clock Enable | Synchronous Set/Reset | Asynchronous Set/Reset | Total Registers | Total Slices |
+--------------+-----------------------+------------------------+-----------------+--------------+
| No           | No                    | No                     |             178 |           88 |
| No           | No                    | Yes                    |               0 |            0 |
| No           | Yes                   | No                     |             118 |           46 |
| Yes          | No                    | No                     |               0 |            0 |
| Yes          | No                    | Yes                    |               0 |            0 |
| Yes          | Yes                   | No                     |             689 |          267 |
+--------------+-----------------------+------------------------+-----------------+--------------+


4. Detailed Control Set Information
-----------------------------------

+------------------+-------------------------------------------------------+-----------------------------------------------------+------------------+----------------+--------------+
|   Clock Signal   |                     Enable Signal                     |                   Set/Reset Signal                  | Slice Load Count | Bel Load Count | Bels / Slice |
+------------------+-------------------------------------------------------+-----------------------------------------------------+------------------+----------------+--------------+
|  clock_IBUF_BUFG | gameTop/gameLogic/ledActive_192_out                   | gameTop/graphicEngineVGA/graphicEngineVGA_reset     |                1 |              1 |         1.00 |
|  clock_IBUF_BUFG | gameTop/gameLogic/ledActive_2                         | gameTop/graphicEngineVGA/graphicEngineVGA_reset     |                1 |              1 |         1.00 |
|  clock_IBUF_BUFG | gameTop/gameLogic/FSM_sequential_stateReg[3]_i_1_n_0  | gameTop/graphicEngineVGA/graphicEngineVGA_reset     |                1 |              4 |         4.00 |
|  clock_IBUF_BUFG | gameTop/gameLogic/explosionTimer_1[3]_i_2_n_0         | gameTop/gameLogic/explosionTimer_1[3]_i_1_n_0       |                1 |              4 |         4.00 |
|  clock_IBUF_BUFG | gameTop/gameLogic/explosionTimer_2[3]_i_2_n_0         | gameTop/gameLogic/explosionTimer_2[3]_i_1_n_0       |                1 |              4 |         4.00 |
|  clock_IBUF_BUFG | gameTop/debounceSampleEn                              | gameTop/gameTop_reset                               |                3 |              4 |         1.33 |
|  clock_IBUF_BUFG | gameTop/gameLogic/explosionTimer_0[3]_i_2_n_0         | gameTop/gameLogic/explosionTimer_0[3]_i_1_n_0       |                1 |              4 |         4.00 |
|  clock_IBUF_BUFG | gameTop/gameLogic/collisionCheckMode[3]_i_1_n_0       | gameTop/graphicEngineVGA/graphicEngineVGA_reset     |                3 |              4 |         1.33 |
|  clock_IBUF_BUFG | gameTop/gameLogic/heartFlashCount                     | gameTop/graphicEngineVGA/graphicEngineVGA_reset     |                1 |              4 |         4.00 |
|  clock_IBUF_BUFG |                                                       | gameTop/graphicEngineVGA/p_0_out[6]                 |                6 |              6 |         1.00 |
|  clock_IBUF_BUFG | gameTop/graphicEngineVGA/rocketReadyReg_reg[0]        | gameTop/graphicEngineVGA/graphicEngineVGA_reset     |                2 |              7 |         3.50 |
|  clock_IBUF_BUFG | gameTop/graphicEngineVGA/seeded_reg[0]                | gameTop/graphicEngineVGA/graphicEngineVGA_reset     |                2 |              8 |         4.00 |
|  clock_IBUF_BUFG | gameTop/gameLogic/lfsrReg[7]_i_1_n_0                  | gameTop/graphicEngineVGA/graphicEngineVGA_reset     |                3 |              8 |         2.67 |
|  clock_IBUF_BUFG | gameTop/gameLogic/asteroidY_1[8]_i_1_n_0              | gameTop/graphicEngineVGA/graphicEngineVGA_reset     |                7 |              9 |         1.29 |
|  clock_IBUF_BUFG | gameTop/graphicEngineVGA/graphicEngineVGA_io_newFrame | gameTop/gameLogic/asteroidSpawnTimer[8]_i_1_n_0     |                3 |              9 |         3.00 |
|  clock_IBUF_BUFG | gameTop/gameLogic/asteroidY_4[8]_i_1_n_0              | gameTop/graphicEngineVGA/graphicEngineVGA_reset     |                6 |              9 |         1.50 |
|  clock_IBUF_BUFG | gameTop/gameLogic/rocketX_0                           | gameTop/gameLogic/rocketX_0[10]_i_1_n_0             |                4 |              9 |         2.25 |
|  clock_IBUF_BUFG | gameTop/gameLogic/rocketX_2                           | gameTop/gameLogic/rocketX_2[10]_i_1_n_0             |                3 |              9 |         3.00 |
|  clock_IBUF_BUFG | gameTop/gameLogic/rocketX_1                           | gameTop/gameLogic/rocketX_1[10]_i_1_n_0             |                2 |              9 |         4.50 |
|  clock_IBUF_BUFG | gameTop/gameLogic/rocketX_3                           | gameTop/gameLogic/rocketX_3[10]_i_1_n_0             |                4 |              9 |         2.25 |
|  clock_IBUF_BUFG | gameTop/gameLogic/asteroidSize_0[1]_i_1_n_0           | gameTop/graphicEngineVGA/graphicEngineVGA_reset     |                4 |              9 |         2.25 |
|  clock_IBUF_BUFG | gameTop/gameLogic/asteroidY_3[8]_i_1_n_0              | gameTop/graphicEngineVGA/graphicEngineVGA_reset     |                5 |              9 |         1.80 |
|  clock_IBUF_BUFG | gameTop/gameLogic/asteroidY_2[8]_i_1_n_0              | gameTop/graphicEngineVGA/graphicEngineVGA_reset     |                7 |              9 |         1.29 |
|  clock_IBUF_BUFG | gameTop/gameLogic/asteroidY_5[8]_i_1_n_0              | gameTop/graphicEngineVGA/graphicEngineVGA_reset     |                4 |              9 |         2.25 |
|  clock_IBUF_BUFG | gameTop/graphicEngineVGA/CounterXReg[9]_i_1_n_0       | gameTop/graphicEngineVGA/graphicEngineVGA_reset     |                5 |             10 |         2.00 |
|  clock_IBUF_BUFG | gameTop/graphicEngineVGA/CounterYReg[4]_i_1_n_0       | gameTop/graphicEngineVGA/graphicEngineVGA_reset     |                4 |             10 |         2.50 |
|  clock_IBUF_BUFG | gameTop/gameLogic/rocketY_0                           | gameTop/graphicEngineVGA/graphicEngineVGA_reset     |                4 |             10 |         2.50 |
|  clock_IBUF_BUFG | gameTop/gameLogic/rocketY_1                           | gameTop/graphicEngineVGA/graphicEngineVGA_reset     |                2 |             10 |         5.00 |
|  clock_IBUF_BUFG | gameTop/gameLogic/rocketY_2                           | gameTop/graphicEngineVGA/graphicEngineVGA_reset     |                4 |             10 |         2.50 |
|  clock_IBUF_BUFG | gameTop/gameLogic/rocketY_3                           | gameTop/graphicEngineVGA/graphicEngineVGA_reset     |                4 |             10 |         2.50 |
|  clock_IBUF_BUFG | gameTop/gameLogic/sprite0YReg[9]_i_1_n_0              | gameTop/graphicEngineVGA/graphicEngineVGA_reset     |                4 |             10 |         2.50 |
|  clock_IBUF_BUFG | gameTop/gameLogic/asteroidX_2[10]_i_2_n_0             | gameTop/gameLogic/asteroidX_2[10]_i_1_n_0           |                5 |             11 |         2.20 |
|  clock_IBUF_BUFG | gameTop/gameLogic/asteroidX_1[10]_i_2_n_0             | gameTop/gameLogic/asteroidX_1[10]_i_1_n_0           |                5 |             11 |         2.20 |
|  clock_IBUF_BUFG | gameTop/gameLogic/asteroidX_0[10]_i_2_n_0             | gameTop/gameLogic/asteroidX_0[10]_i_1_n_0           |                3 |             11 |         3.67 |
|  clock_IBUF_BUFG | gameTop/gameLogic/asteroidX_5[10]_i_2_n_0             | gameTop/gameLogic/asteroidX_5[10]_i_1_n_0           |                6 |             11 |         1.83 |
|  clock_IBUF_BUFG | gameTop/gameLogic/asteroidX_4[10]_i_2_n_0             | gameTop/gameLogic/asteroidX_4[10]_i_1_n_0           |                5 |             11 |         2.20 |
|  clock_IBUF_BUFG | gameTop/gameLogic/asteroidX_3[10]_i_2_n_0             | gameTop/gameLogic/asteroidX_3[10]_i_1_n_0           |                5 |             11 |         2.20 |
|  clock_IBUF_BUFG |                                                       | gameTop/graphicEngineVGA/io_vgaRed_REG[3]_i_1_n_0   |                4 |             12 |         3.00 |
|  clock_IBUF_BUFG |                                                       | gameTop/gameTop_reset                               |                3 |             12 |         4.00 |
|  clock_IBUF_BUFG | gameTop/graphicEngineVGA/restoreEnabled               | gameTop/graphicEngineVGA/graphicEngineVGA_reset     |                3 |             12 |         4.00 |
|  clock_IBUF_BUFG | gameTop/graphicEngineVGA/_T_7                         | gameTop/graphicEngineVGA/clear                      |                3 |             12 |         4.00 |
|  clock_IBUF_BUFG | gameTop/gameLogic/explosionX_2                        | gameTop/graphicEngineVGA/graphicEngineVGA_reset     |                7 |             20 |         2.86 |
|  clock_IBUF_BUFG | gameTop/gameLogic/explosionX_0                        | gameTop/graphicEngineVGA/graphicEngineVGA_reset     |                7 |             20 |         2.86 |
|  clock_IBUF_BUFG | gameTop/gameLogic/E[0]                                | gameTop/graphicEngineVGA/graphicEngineVGA_reset     |                7 |             20 |         2.86 |
|  clock_IBUF_BUFG |                                                       | gameTop/graphicEngineVGA/frameClockCount[0]_i_1_n_0 |                6 |             21 |         3.50 |
|  clock_IBUF_BUFG |                                                       | gameTop/debounceCounter[0]_i_1_n_0                  |                6 |             21 |         3.50 |
|  clock_IBUF_BUFG | gameTop/graphicEngineVGA/graphicEngineVGA_reset       | gameTop/gameTop_reset                               |                6 |             22 |         3.67 |
|  clock_IBUF_BUFG |                                                       | gameTop/graphicEngineVGA/graphicEngineVGA_reset     |               21 |             46 |         2.19 |
|  clock_IBUF_BUFG |                                                       |                                                     |               88 |            181 |         2.06 |
|  clock_IBUF_BUFG | gameTop/graphicEngineVGA/graphicEngineVGA_io_newFrame | gameTop/graphicEngineVGA/graphicEngineVGA_reset     |              109 |            295 |         2.71 |
+------------------+-------------------------------------------------------+-----------------------------------------------------+------------------+----------------+--------------+


